// Jest Snapshot v1, https://goo.gl/fbAQLP

exports[`renders screen correctly 1`] = `
Array [
  <View
    style={
      Object {
        "backgroundColor": "#fff",
        "height": "100%",
      }
    }
  >
    <View
      style={
        Object {
          "backgroundColor": "#fff",
        }
      }
    >
      <RCTSafeAreaView
        emulateUnlessSupported={true}
      >
        <View
          style={
            Object {
              "borderBottomWidth": 0,
              "flexDirection": "row",
              "marginTop": 20,
              "paddingLeft": 19,
            }
          }
        >
          <View
            accessible={true}
            collapsable={false}
            focusable={true}
            nativeID="animatedComponent"
            onClick={[Function]}
            onResponderGrant={[Function]}
            onResponderMove={[Function]}
            onResponderRelease={[Function]}
            onResponderTerminate={[Function]}
            onResponderTerminationRequest={[Function]}
            onStartShouldSetResponder={[Function]}
            style={
              Object {
                "opacity": 1,
              }
            }
          >
            <Image
              source={
                Object {
                  "testUri": "../../../app/asset/image/left.png",
                }
              }
              style={
                Object {
                  "height": 25,
                  "width": 25,
                }
              }
            />
          </View>
          <View
            style={
              Object {
                "alignItems": "center",
                "alignSelf": "center",
                "justifyContent": "center",
                "width": 592.5,
              }
            }
          >
            <Text
              style={
                Object {
                  "color": "#212121",
                  "fontFamily": "Urbanist-SemiBold",
                  "fontSize": 18,
                  "letterSpacing": 0.1,
                  "lineHeight": 24,
                  "textAlign": "center",
                }
              }
            />
          </View>
        </View>
      </RCTSafeAreaView>
    </View>
    <View
      style={
        Object {
          "marginTop": 20,
          "paddingHorizontal": 20,
          "paddingTop": 20,
        }
      }
    >
      <View
        style={
          Object {
            "alignItems": "center",
            "marginBottom": 22.233333333333334,
            "marginTop": -20,
          }
        }
      >
        <Image
          source={
            Object {
              "testUri": "../../../app/asset/image/rh_logo.png",
            }
          }
          style={
            Object {
              "height": 70,
              "width": 70,
            }
          }
        />
      </View>
      <View>
        <Text
          style={
            Object {
              "color": "#212121",
              "fontFamily": "Urbanist-SemiBold",
              "fontSize": 22,
              "letterSpacing": 0.2,
              "lineHeight": 28,
              "textAlign": "center",
              "top": -26.5,
            }
          }
        >
          Login to your Account
        </Text>
      </View>
      <View
        accessible={true}
        focusable={true}
        onClick={[Function]}
        onResponderGrant={[Function]}
        onResponderMove={[Function]}
        onResponderRelease={[Function]}
        onResponderTerminate={[Function]}
        onResponderTerminationRequest={[Function]}
        onStartShouldSetResponder={[Function]}
      >
        <View
          style={
            Object {
              "marginLeft": 37.5,
              "marginRight": 112.5,
              "marginTop": -30,
              "position": "absolute",
              "width": 600,
            }
          }
        />
        <View>
          <View>
            <View>
              <View
                style={
                  Array [
                    Object {
                      "borderColor": "#BDBDBD",
                      "borderRadius": 5,
                      "borderWidth": 1,
                      "marginTop": 78.47058823529412,
                      "paddingHorizontal": 10,
                      "paddingVertical": 20,
                    },
                    null,
                  ]
                }
              >
                <View
                  style={
                    Object {
                      "backgroundColor": "#fff",
                      "left": 10,
                      "paddingHorizontal": 5,
                      "position": "absolute",
                      "top": -10,
                      "zIndex": 2,
                    }
                  }
                >
                  <Text
                    style={
                      Object {
                        "color": "#616161",
                        "fontFamily": "Urbanist-SemiBold",
                        "fontSize": 12,
                        "letterSpacing": 0.2,
                        "lineHeight": 16,
                        "textTransform": "uppercase",
                      }
                    }
                  >
                    PHONE NUMBER
                  </Text>
                </View>
                <TextInput
                  autoFocus={true}
                  keyboardType="number-pad"
                  maxLength={13}
                  onBlur={[Function]}
                  onChangeText={[Function]}
                  placeholder="234809XXXXXXX"
                  placeholderTextColor="#757575"
                  style={
                    Object {
                      "color": "#212121",
                      "fontFamily": "Urbanist-Regular",
                      "fontSize": 12,
                      "letterSpacing": 0.2,
                      "lineHeight": 16,
                      "width": "70%",
                    }
                  }
                  testID="phone"
                  value=""
                />
              </View>
            </View>
            <View>
              <View
                style={
                  Array [
                    Object {
                      "borderColor": "#BDBDBD",
                      "borderRadius": 5,
                      "borderWidth": 1,
                      "marginTop": 78.47058823529412,
                      "paddingHorizontal": 10,
                      "paddingVertical": 20,
                    },
                    Object {
                      "marginTop": 25,
                    },
                    null,
                  ]
                }
              >
                <View
                  style={
                    Object {
                      "backgroundColor": "#fff",
                      "left": 10,
                      "paddingHorizontal": 5,
                      "position": "absolute",
                      "top": -10,
                      "zIndex": 2,
                    }
                  }
                >
                  <Text
                    style={
                      Object {
                        "color": "#616161",
                        "fontFamily": "Urbanist-SemiBold",
                        "fontSize": 12,
                        "letterSpacing": 0.2,
                        "lineHeight": 16,
                        "textTransform": "uppercase",
                      }
                    }
                  >
                    4 DIGIT PIN
                  </Text>
                </View>
                <View
                  style={
                    Object {
                      "flexDirection": "row",
                      "flexWrap": "wrap",
                      "justifyContent": "space-between",
                      "width": "100%",
                    }
                  }
                >
                  <TextInput
                    keyboardType="number-pad"
                    onBlur={[Function]}
                    onChangeText={[Function]}
                    placeholder="****"
                    placeholderTextColor="#757575"
                    secureTextEntry={true}
                    style={
                      Object {
                        "color": "#212121",
                        "fontFamily": "Urbanist-Regular",
                        "fontSize": 12,
                        "letterSpacing": 0.2,
                        "lineHeight": 16,
                        "width": "70%",
                      }
                    }
                    testID="password"
                    value=""
                  />
                  <View
                    accessible={true}
                    collapsable={false}
                    focusable={true}
                    nativeID="animatedComponent"
                    onClick={[Function]}
                    onResponderGrant={[Function]}
                    onResponderMove={[Function]}
                    onResponderRelease={[Function]}
                    onResponderTerminate={[Function]}
                    onResponderTerminationRequest={[Function]}
                    onStartShouldSetResponder={[Function]}
                    style={
                      Object {
                        "opacity": 1,
                      }
                    }
                  >
                    <Text
                      style={
                        Object {
                          "color": "#9E9E9E",
                          "fontFamily": "Urbanist-Regular",
                          "fontSize": 11,
                          "fontWeight": "400",
                          "letterSpacing": 0.2,
                          "lineHeight": 16,
                          "marginTop": 5,
                        }
                      }
                    >
                      SHOW
                    </Text>
                  </View>
                </View>
              </View>
            </View>
            <View
              style={
                Object {
                  "alignItems": "center",
                  "flexDirection": "row",
                  "marginTop": 10,
                }
              }
            />
            <View
              style={
                Object {
                  "zIndex": 9,
                }
              }
            >
              <View
                accessible={true}
                collapsable={false}
                focusable={true}
                nativeID="animatedComponent"
                onClick={[Function]}
                onResponderGrant={[Function]}
                onResponderMove={[Function]}
                onResponderRelease={[Function]}
                onResponderTerminate={[Function]}
                onResponderTerminationRequest={[Function]}
                onStartShouldSetResponder={[Function]}
                style={
                  Object {
                    "backgroundColor": "#3858CF",
                    "borderRadius": 100,
                    "marginTop": 20,
                    "opacity": 1,
                    "paddingHorizontal": 24,
                    "paddingVertical": 16,
                    "zIndex": 2,
                  }
                }
                testID="LoginID"
              >
                <Text
                  style={
                    Object {
                      "color": "#fff",
                      "fontFamily": "Urbanist-SemiBold",
                      "fontSize": 16,
                      "letterSpacing": 0.1,
                      "lineHeight": 24,
                      "textAlign": "center",
                    }
                  }
                >
                  Log In
                </Text>
              </View>
            </View>
          </View>
        </View>
        <View
          style={
            Object {
              "alignItems": "center",
              "flexDirection": "row",
              "justifyContent": "center",
              "marginTop": 66.7,
            }
          }
        />
      </View>
    </View>
    <View
      style={
        Object {
          "position": "absolute",
          "right": -7.5,
          "top": 907,
        }
      }
    >
      <Image
        source={
          Object {
            "testUri": "../../../app/asset/image/afri.png",
          }
        }
        style={
          Object {
            "height": 170,
            "width": 120,
          }
        }
      />
    </View>
    <View
      style={
        Object {
          "left": 375,
          "position": "absolute",
          "top": 1000.5,
        }
      }
    >
      <View
        accessibilityIgnoresInvertColors={true}
        style={
          Object {
            "height": 800,
            "width": "100%",
          }
        }
      >
        <Image
          source={
            Object {
              "testUri": "../../../app/asset/image/login.png",
            }
          }
          style={
            Array [
              Object {
                "bottom": 0,
                "left": 0,
                "position": "absolute",
                "right": 0,
                "top": 0,
              },
              Object {
                "height": 800,
                "width": "100%",
              },
              undefined,
            ]
          }
        />
        <View
          style={
            Object {
              "alignItems": "center",
              "alignSelf": "center",
              "flexDirection": "row",
              "justifyContent": "center",
              "position": "absolute",
              "top": 100,
            }
          }
        >
          <View>
            <Text
              style={
                Object {
                  "color": "#212121",
                  "fontFamily": "Urbanist-Regular",
                  "fontSize": 14,
                  "letterSpacing": 0.25,
                  "lineHeight": 20,
                }
              }
            >
              Don't have an account yet?
            </Text>
          </View>
          <View
            accessible={true}
            collapsable={false}
            focusable={true}
            nativeID="animatedComponent"
            onClick={[Function]}
            onResponderGrant={[Function]}
            onResponderMove={[Function]}
            onResponderRelease={[Function]}
            onResponderTerminate={[Function]}
            onResponderTerminationRequest={[Function]}
            onStartShouldSetResponder={[Function]}
            style={
              Object {
                "opacity": 1,
              }
            }
          >
            <Text
              style={
                Object {
                  "color": "#3858CF",
                  "fontFamily": "Urbanist-SemiBold",
                  "fontSize": 14,
                  "letterSpacing": 0.1,
                  "lineHeight": 20,
                  "textAlign": "center",
                }
              }
            >
               CREATE NOW
            </Text>
          </View>
        </View>
      </View>
    </View>
    <Modal
      animationType="none"
      deviceHeight={null}
      deviceWidth={null}
      hardwareAccelerated={false}
      hideModalContentWhileAnimating={false}
      onBackdropPress={[Function]}
      onModalHide={[Function]}
      onModalWillHide={[Function]}
      onModalWillShow={[Function]}
      onRequestClose={[Function]}
      panResponderThreshold={4}
      scrollHorizontal={false}
      scrollOffset={0}
      scrollOffsetMax={0}
      scrollTo={null}
      statusBarTranslucent={false}
      supportedOrientations={
        Array [
          "portrait",
          "landscape",
        ]
      }
      swipeThreshold={100}
      transparent={true}
      visible={false}
    >
      <View
        accessible={true}
        collapsable={false}
        focusable={true}
        forwardedRef={[Function]}
        nativeID="animatedComponent"
        onClick={[Function]}
        onResponderGrant={[Function]}
        onResponderMove={[Function]}
        onResponderRelease={[Function]}
        onResponderTerminate={[Function]}
        onResponderTerminationRequest={[Function]}
        onStartShouldSetResponder={[Function]}
        style={
          Object {
            "backgroundColor": "#000",
            "bottom": 0,
            "height": 1334,
            "left": 0,
            "opacity": 0,
            "position": "absolute",
            "right": 0,
            "top": 0,
            "width": 750,
          }
        }
      />
      <View
        collapsable={false}
        deviceHeight={null}
        deviceWidth={null}
        forwardedRef={[Function]}
        hideModalContentWhileAnimating={false}
        nativeID="animatedComponent"
        onBackdropPress={[Function]}
        onModalHide={[Function]}
        onModalWillHide={[Function]}
        onModalWillShow={[Function]}
        panResponderThreshold={4}
        pointerEvents="box-none"
        scrollHorizontal={false}
        scrollOffset={0}
        scrollOffsetMax={0}
        scrollTo={null}
        statusBarTranslucent={false}
        style={
          Object {
            "flex": 1,
            "justifyContent": "center",
            "margin": 37.5,
            "transform": Array [
              Object {
                "translateY": 0,
              },
            ],
          }
        }
        supportedOrientations={
          Array [
            "portrait",
            "landscape",
          ]
        }
        swipeThreshold={100}
      >
        <View
          style={
            Object {
              "height": 1334,
            }
          }
        >
          <View
            style={
              Object {
                "alignItems": "center",
                "flex": 1,
                "justifyContent": "center",
              }
            }
          >
            <Image
              collapsable={false}
              nativeID="animatedComponent"
              resizeMode="contain"
              source={
                Object {
                  "testUri": "../../../app/asset/image/rh_logo_splashscreen.png",
                }
              }
              style={
                Object {
                  "height": 100,
                  "transform": Array [
                    Object {
                      "rotate": "0deg",
                    },
                  ],
                  "width": 100,
                }
              }
            />
          </View>
        </View>
      </View>
    </Modal>
  </View>,
  " ",
]
`;
